should match snapshot for Helm template functions in extraTemplateManifests:
  1: |
    apiVersion: v1
    data:
      chart: n8n
      release: n8n
      version: 1.0.0
    kind: ConfigMap
    metadata:
      labels:
        app.kubernetes.io/instance: n8n
        app.kubernetes.io/managed-by: Helm
        app.kubernetes.io/name: n8n
        app.kubernetes.io/version: 1.0.0
        helm.sh/chart: n8n-1.0.0
      name: n8n-dynamic
      namespace: n8n
should match snapshot for combined extraManifests and extraTemplateManifests:
  1: |
    apiVersion: v1
    data:
      key: value
    kind: ConfigMap
    metadata:
      labels:
        app.kubernetes.io/instance: n8n
        app.kubernetes.io/managed-by: Helm
        app.kubernetes.io/name: n8n
        app.kubernetes.io/version: 1.0.0
        helm.sh/chart: n8n-1.0.0
      name: static-config
  2: |
    apiVersion: v1
    data:
      key: value
    kind: ConfigMap
    metadata:
      labels:
        app.kubernetes.io/instance: n8n
        app.kubernetes.io/managed-by: Helm
        app.kubernetes.io/name: n8n
        app.kubernetes.io/version: 1.0.0
        helm.sh/chart: n8n-1.0.0
      name: template-config
should match snapshot for manifest with user-provided labels:
  1: |
    apiVersion: v1
    data:
      key: value
    kind: ConfigMap
    metadata:
      labels:
        app.kubernetes.io/instance: n8n
        app.kubernetes.io/managed-by: Helm
        app.kubernetes.io/name: n8n
        app.kubernetes.io/version: 1.0.0
        custom-label: custom-value
        helm.sh/chart: n8n-1.0.0
        team: platform
      name: labelled-config
should match snapshot for multi-document string in extraManifests:
  1: |
    apiVersion: v1
    data:
      key: value1
    kind: ConfigMap
    metadata:
      labels:
        app.kubernetes.io/instance: n8n
        app.kubernetes.io/managed-by: Helm
        app.kubernetes.io/name: n8n
        app.kubernetes.io/version: 1.0.0
        helm.sh/chart: n8n-1.0.0
      name: config-one
  2: |
    apiVersion: v1
    kind: Secret
    metadata:
      labels:
        app.kubernetes.io/instance: n8n
        app.kubernetes.io/managed-by: Helm
        app.kubernetes.io/name: n8n
        app.kubernetes.io/version: 1.0.0
        helm.sh/chart: n8n-1.0.0
      name: secret-one
    stringData:
      password: secret
should match snapshot for multi-document string in extraTemplateManifests:
  1: |
    apiVersion: v1
    data:
      key: value1
    kind: ConfigMap
    metadata:
      labels:
        app.kubernetes.io/instance: n8n
        app.kubernetes.io/managed-by: Helm
        app.kubernetes.io/name: n8n
        app.kubernetes.io/version: 1.0.0
        helm.sh/chart: n8n-1.0.0
      name: template-config-one
  2: |
    apiVersion: v1
    data:
      key: value2
    kind: ConfigMap
    metadata:
      labels:
        app.kubernetes.io/instance: n8n
        app.kubernetes.io/managed-by: Helm
        app.kubernetes.io/name: n8n
        app.kubernetes.io/version: 1.0.0
        helm.sh/chart: n8n-1.0.0
      name: template-config-two
should match snapshot for object manifest in extraManifests:
  1: |
    apiVersion: v1
    data:
      key: value
    kind: ConfigMap
    metadata:
      labels:
        app.kubernetes.io/instance: n8n
        app.kubernetes.io/managed-by: Helm
        app.kubernetes.io/name: n8n
        app.kubernetes.io/version: 1.0.0
        helm.sh/chart: n8n-1.0.0
      name: my-extra-config
should match snapshot for string manifest in extraManifests:
  1: |
    apiVersion: v1
    data:
      key: value
    kind: ConfigMap
    metadata:
      labels:
        app.kubernetes.io/instance: n8n
        app.kubernetes.io/managed-by: Helm
        app.kubernetes.io/name: n8n
        app.kubernetes.io/version: 1.0.0
        helm.sh/chart: n8n-1.0.0
      name: my-string-config
should match snapshot for template manifest in extraTemplateManifests:
  1: |
    apiVersion: v1
    data:
      release: n8n
    kind: ConfigMap
    metadata:
      labels:
        app.kubernetes.io/instance: n8n
        app.kubernetes.io/managed-by: Helm
        app.kubernetes.io/name: n8n
        app.kubernetes.io/version: 1.0.0
        helm.sh/chart: n8n-1.0.0
      name: my-template-config
